../Core/Src/main.c:87:5:main	216	static
../Core/Src/main.c:290:6:SystemClock_Config	88	static
../Core/Src/main.c:332:13:MX_I2C2_Init	8	static
../Core/Src/main.c:366:13:MX_TIM6_Init	16	static
../Core/Src/main.c:404:13:MX_TIM8_Init	48	static
../Core/Src/main.c:463:13:MX_USART3_UART_Init	8	static
../Core/Src/main.c:496:13:MX_GPIO_Init	48	static
../Core/Src/main.c:539:6:delay_us	16	static
../Core/Src/main.c:546:6:HAL_TIM_IC_CaptureCallback	24	static
../Core/Src/main.c:571:6:Error_Handler	4	static,ignoring_inline_asm
